Traceback (most recent call last):
  File "/home/auralius/miniconda3/envs/py.3.12.4/lib/python3.12/site-packages/jupyter_cache/executors/utils.py", line 58, in single_nb_execution
    executenb(
  File "/home/auralius/miniconda3/envs/py.3.12.4/lib/python3.12/site-packages/nbclient/client.py", line 1319, in execute
    return NotebookClient(nb=nb, resources=resources, km=km, **kwargs).execute()
           ^^^^^^^^^^^^^^^^^^^^^^^^^^^^^^^^^^^^^^^^^^^^^^^^^^^^^^^^^^^^^^^^^^^^^
  File "/home/auralius/miniconda3/envs/py.3.12.4/lib/python3.12/site-packages/jupyter_core/utils/__init__.py", line 165, in wrapped
    return loop.run_until_complete(inner)
           ^^^^^^^^^^^^^^^^^^^^^^^^^^^^^^
  File "/home/auralius/miniconda3/envs/py.3.12.4/lib/python3.12/asyncio/base_events.py", line 687, in run_until_complete
    return future.result()
           ^^^^^^^^^^^^^^^
  File "/home/auralius/miniconda3/envs/py.3.12.4/lib/python3.12/site-packages/nbclient/client.py", line 709, in async_execute
    await self.async_execute_cell(
  File "/home/auralius/miniconda3/envs/py.3.12.4/lib/python3.12/site-packages/nbclient/client.py", line 1062, in async_execute_cell
    await self._check_raise_for_error(cell, cell_index, exec_reply)
  File "/home/auralius/miniconda3/envs/py.3.12.4/lib/python3.12/site-packages/nbclient/client.py", line 918, in _check_raise_for_error
    raise CellExecutionError.from_cell_and_msg(cell, exec_reply_content)
nbclient.exceptions.CellExecutionError: An error occurred while executing the following cell:
------------------
M = 20*log(abs(Hjw))/log(10)
mprint('M(j\\omega)=', latex(M))

dM = simplify(diff(M, omega))
mprint('\\frac{dM}{d\\omega}=', latex(dM))

------------------


[0;31m---------------------------------------------------------------------------[0m
[0;31mNameError[0m                                 Traceback (most recent call last)
Cell [0;32mIn[11], line 1[0m
[0;32m----> 1[0m M [38;5;241m=[39m [38;5;241m20[39m[38;5;241m*[39mlog([38;5;28mabs[39m([43mHjw[49m))[38;5;241m/[39mlog([38;5;241m10[39m)
[1;32m      2[0m mprint([38;5;124m'[39m[38;5;124mM(j[39m[38;5;130;01m\\[39;00m[38;5;124momega)=[39m[38;5;124m'[39m, latex(M))
[1;32m      4[0m dM [38;5;241m=[39m simplify(diff(M, omega))

[0;31mNameError[0m: name 'Hjw' is not defined

